ALTER TABLE test.t ALTER COLUMN c SET DATA TYPE INTEGER