ALTER TABLE test.t ALTER COLUMN c SET GENERATED BY DEFAULT AS IDENTITY (START WITH 10, INCREMENT BY 5)