ALTER TABLE test.t ALTER COLUMN c SET GENERATED ALWAYS AS IDENTITY (START WITH 1, INCREMENT BY 1)