ALTER TABLE test.t ALTER COLUMN c SET GENERATED ALWAYS AS (a + b)