ALTER TABLE test.t ADD CONSTRAINT test.foo UNIQUE(c)