ALTER TABLE test.t ALTER COLUMN c SET INCREMENT BY 5