ALTER TABLE test.t ADD CONSTRAINT foo FOREIGN KEY(pid) REFERENCES p(pid)