CREATE INDEX IF NOT EXISTS idx1 ON table1(p.a, p.b, geo_lat_lon(c.c1, c.c2), c.d, c.e) USING LEFT JOIN