CREATE INDEX IF NOT EXISTS idx1 ON table1(funk_shun(c1, c2))