CREATE INDEX IF NOT EXISTS idx1 ON table1(geo_lat_lon(c1, c2), b, c)