CREATE TABLE t2(PRIMARY KEY(id), id INTEGER NOT NULL, pid INTEGER, CONSTRAINT parent FOREIGN KEY(pid) REFERENCES t1(pid) DEFERRABALE INITIALLY DEFERRED)