CREATE INDEX IF NOT EXISTS idx1 ON table1(a, geo_lat_lon(c1, c2))