ALTER TABLE IF EXISTS test.t RENAME COLUMN c1 TO c2