SELECT a, (GROUP_CONCAT(b SEPARATOR ',')) FROM t GROUP BY a