[0]: SET TRANSACTION ISOLATION LEVEL READ COMMITTED;
[1]: SET TRANSACTION READ ONLY;
[2]: SET SESSION CHARACTERISTICS AS TRANSACTION READ ONLY;